<?xml version="1.0" encoding="UTF-8"?>
<TestRun id="5ea495a8-0dc3-417a-9dd1-82d377e1203c" name="hchadwic@RM202-005909 2015-09-15 12:20:44" runUser="PETERBOROUGH\hchadwic" xmlns="http://microsoft.com/schemas/VisualStudio/TeamTest/2010">
  <TestSettings name="Default Test Settings" id="231afe41-9d87-4437-bc76-f2bb0490721a">
    <Deployment userDeploymentRoot="C:\Development\PatientMonitor\TestResults" useDefaultDeploymentRoot="false" runDeploymentRoot="hchadwic_RM202-005909 2015-09-15 12_20_44">
      <DeploymentItem filename="C:\Development\PatientMonitor\PatientMonitor\bin\Debug\PatientMonitor.exe" />
      <DeploymentItem filename="C:\Development\PatientMonitor\packages\NUnit.2.6.4\lib\nunit.framework.dll" />
      <DeploymentItem filename="C:\Development\PatientMonitor\packages\Moq.4.2.1507.0118\lib\net40\Moq.dll" />
    </Deployment>
    <Execution>
      <TestTypeSpecific />
      <AgentRule name="Execution Agents">
      </AgentRule>
    </Execution>
  </TestSettings>
  <Times creation="2015-09-15T12:20:44.9777018+01:00" queuing="2015-09-15T12:20:45.2037018+01:00" start="2015-09-15T12:20:45.2327018+01:00" finish="2015-09-15T12:20:45.6527018+01:00" />
  <ResultSummary outcome="Failed">
    <Counters total="15" executed="15" passed="13" error="0" failed="2" timeout="0" aborted="0" inconclusive="0" passedButRunAborted="0" notRunnable="0" notExecuted="0" disconnected="0" warning="0" completed="0" inProgress="0" pending="0" />
  </ResultSummary>
  <TestDefinitions>
    <UnitTest name="GoodUnconnectedCreation" storage="c:\development\patientmonitor\testpatientmonitor\bin\debug\testpatientmonitor.dll" id="88c17d4a-0b33-1c42-10ef-2f17c34ca311">
      <Execution id="5954a2a3-645d-416e-9741-7297a9239c90" />
      <TestMethod codeBase="C:/Development/PatientMonitor/TestPatientMonitor/bin/Debug/TestPatientMonitor.DLL" adapterTypeName="Microsoft.VisualStudio.TestTools.TestTypes.Unit.UnitTestAdapter, Microsoft.VisualStudio.QualityTools.Tips.UnitTest.Adapter, Version=10.0.0.0, Culture=neutral, PublicKeyToken=b03f5f7f11d50a3a" className="PatientMonitorTest.TestPatientDataReader, TestPatientMonitor, Version=1.0.0.0, Culture=neutral, PublicKeyToken=null" name="GoodUnconnectedCreation" />
    </UnitTest>
    <UnitTest name="TemperatureEventWasCalled" storage="c:\development\patientmonitor\testpatientmonitor\bin\debug\testpatientmonitor.dll" id="9b1e7a45-5c43-67c5-ee8c-54d6d42286d7">
      <Execution id="1c655129-aceb-4a72-8400-bbb8ee447dd9" />
      <TestMethod codeBase="C:/Development/PatientMonitor/TestPatientMonitor/bin/Debug/TestPatientMonitor.DLL" adapterTypeName="Microsoft.VisualStudio.TestTools.TestTypes.Unit.UnitTestAdapter, Microsoft.VisualStudio.QualityTools.Tips.UnitTest.Adapter, Version=10.0.0.0, Culture=neutral, PublicKeyToken=b03f5f7f11d50a3a" className="TestMethodPMS.TestPatientAlarmer, TestPatientMonitor, Version=1.0.0.0, Culture=neutral, PublicKeyToken=null" name="TemperatureEventWasCalled" />
    </UnitTest>
    <UnitTest name="NoEventsCalled" storage="c:\development\patientmonitor\testpatientmonitor\bin\debug\testpatientmonitor.dll" id="9fa2213f-1a7c-0891-71d9-fafe28b7beb5">
      <Execution id="6a981915-ed38-4caa-b972-8941e7b9a2fe" />
      <TestMethod codeBase="C:/Development/PatientMonitor/TestPatientMonitor/bin/Debug/TestPatientMonitor.DLL" adapterTypeName="Microsoft.VisualStudio.TestTools.TestTypes.Unit.UnitTestAdapter, Microsoft.VisualStudio.QualityTools.Tips.UnitTest.Adapter, Version=10.0.0.0, Culture=neutral, PublicKeyToken=b03f5f7f11d50a3a" className="TestMethodPMS.TestPatientAlarmer, TestPatientMonitor, Version=1.0.0.0, Culture=neutral, PublicKeyToken=null" name="NoEventsCalled" />
    </UnitTest>
    <UnitTest name="patientDataCreatedCorrectly" storage="c:\development\patientmonitor\testpatientmonitor\bin\debug\testpatientmonitor.dll" id="ebf625eb-7cab-05e1-0fd4-88e7d418e1e3">
      <Execution id="86b68782-62a7-4f00-9c88-7f0d7f7ba683" />
      <TestMethod codeBase="C:/Development/PatientMonitor/TestPatientMonitor/bin/Debug/TestPatientMonitor.DLL" adapterTypeName="Microsoft.VisualStudio.TestTools.TestTypes.Unit.UnitTestAdapter, Microsoft.VisualStudio.QualityTools.Tips.UnitTest.Adapter, Version=10.0.0.0, Culture=neutral, PublicKeyToken=b03f5f7f11d50a3a" className="PatientMonitorTest.TestPatientData, TestPatientMonitor, Version=1.0.0.0, Culture=neutral, PublicKeyToken=null" name="patientDataCreatedCorrectly" />
    </UnitTest>
    <UnitTest name="GoodCreation" storage="c:\development\patientmonitor\testpatientmonitor\bin\debug\testpatientmonitor.dll" id="57444592-0eac-a26b-2f64-d9616e259025">
      <Execution id="e34eebff-e594-4d94-a83c-ae00d194b0c9" />
      <TestMethod codeBase="C:/Development/PatientMonitor/TestPatientMonitor/bin/Debug/TestPatientMonitor.DLL" adapterTypeName="Microsoft.VisualStudio.TestTools.TestTypes.Unit.UnitTestAdapter, Microsoft.VisualStudio.QualityTools.Tips.UnitTest.Adapter, Version=10.0.0.0, Culture=neutral, PublicKeyToken=b03f5f7f11d50a3a" className="PatientMonitorTest.TestPatientDataReader, TestPatientMonitor, Version=1.0.0.0, Culture=neutral, PublicKeyToken=null" name="GoodCreation" />
    </UnitTest>
    <UnitTest name="pulseRateRateEventWasCalled" storage="c:\development\patientmonitor\testpatientmonitor\bin\debug\testpatientmonitor.dll" id="67b263d0-3e19-2161-4c93-3cdeada2d56e">
      <Execution id="64057df7-51a5-41fd-98a7-50428ed5745c" />
      <TestMethod codeBase="C:/Development/PatientMonitor/TestPatientMonitor/bin/Debug/TestPatientMonitor.DLL" adapterTypeName="Microsoft.VisualStudio.TestTools.TestTypes.Unit.UnitTestAdapter, Microsoft.VisualStudio.QualityTools.Tips.UnitTest.Adapter, Version=10.0.0.0, Culture=neutral, PublicKeyToken=b03f5f7f11d50a3a" className="TestMethodPMS.TestPatientAlarmer, TestPatientMonitor, Version=1.0.0.0, Culture=neutral, PublicKeyToken=null" name="pulseRateRateEventWasCalled" />
    </UnitTest>
    <UnitTest name="alarmTesterGoodCreation" storage="c:\development\patientmonitor\testpatientmonitor\bin\debug\testpatientmonitor.dll" id="c45731a3-2b6a-f241-8df9-b4b2e356ae35">
      <Execution id="36af2dde-76c4-42c2-9cb6-28050710d068" />
      <TestMethod codeBase="C:/Development/PatientMonitor/TestPatientMonitor/bin/Debug/TestPatientMonitor.DLL" adapterTypeName="Microsoft.VisualStudio.TestTools.TestTypes.Unit.UnitTestAdapter, Microsoft.VisualStudio.QualityTools.Tips.UnitTest.Adapter, Version=10.0.0.0, Culture=neutral, PublicKeyToken=b03f5f7f11d50a3a" className="PatientMonitorTest.TestAlarmTester, TestPatientMonitor, Version=1.0.0.0, Culture=neutral, PublicKeyToken=null" name="alarmTesterGoodCreation" />
    </UnitTest>
    <UnitTest name="alarmInLimits" storage="c:\development\patientmonitor\testpatientmonitor\bin\debug\testpatientmonitor.dll" id="72d3863b-9205-0883-93f3-14a9e3c98a55">
      <Execution id="26877fde-9dcf-4178-8529-a6c008b9c182" />
      <TestMethod codeBase="C:/Development/PatientMonitor/TestPatientMonitor/bin/Debug/TestPatientMonitor.DLL" adapterTypeName="Microsoft.VisualStudio.TestTools.TestTypes.Unit.UnitTestAdapter, Microsoft.VisualStudio.QualityTools.Tips.UnitTest.Adapter, Version=10.0.0.0, Culture=neutral, PublicKeyToken=b03f5f7f11d50a3a" className="PatientMonitorTest.TestAlarmTester, TestPatientMonitor, Version=1.0.0.0, Culture=neutral, PublicKeyToken=null" name="alarmInLimits" />
    </UnitTest>
    <UnitTest name="BadFileName" storage="c:\development\patientmonitor\testpatientmonitor\bin\debug\testpatientmonitor.dll" id="b56e6885-fa6f-2463-78db-28dc70da0b21">
      <Execution id="670e99c6-0f0c-4e43-b13b-0567440cd93f" />
      <TestMethod codeBase="C:/Development/PatientMonitor/TestPatientMonitor/bin/Debug/TestPatientMonitor.DLL" adapterTypeName="Microsoft.VisualStudio.TestTools.TestTypes.Unit.UnitTestAdapter, Microsoft.VisualStudio.QualityTools.Tips.UnitTest.Adapter, Version=10.0.0.0, Culture=neutral, PublicKeyToken=b03f5f7f11d50a3a" className="PatientMonitorTest.TestPatientDataReader, TestPatientMonitor, Version=1.0.0.0, Culture=neutral, PublicKeyToken=null" name="BadFileName" />
    </UnitTest>
    <UnitTest name="BadUnconnectedFileName" storage="c:\development\patientmonitor\testpatientmonitor\bin\debug\testpatientmonitor.dll" id="5046feed-f315-e681-144c-87cbb60941a8">
      <Execution id="d4e502d6-d972-44a8-934c-10aa322fe55b" />
      <TestMethod codeBase="C:/Development/PatientMonitor/TestPatientMonitor/bin/Debug/TestPatientMonitor.DLL" adapterTypeName="Microsoft.VisualStudio.TestTools.TestTypes.Unit.UnitTestAdapter, Microsoft.VisualStudio.QualityTools.Tips.UnitTest.Adapter, Version=10.0.0.0, Culture=neutral, PublicKeyToken=b03f5f7f11d50a3a" className="PatientMonitorTest.TestPatientDataReader, TestPatientMonitor, Version=1.0.0.0, Culture=neutral, PublicKeyToken=null" name="BadUnconnectedFileName" />
    </UnitTest>
    <UnitTest name="patientDataSetCorrectly" storage="c:\development\patientmonitor\testpatientmonitor\bin\debug\testpatientmonitor.dll" id="cb000bdc-c477-d191-833b-22f831a12fb1">
      <Execution id="1ca73dd2-885b-4b19-bacb-51b2626f356c" />
      <TestMethod codeBase="C:/Development/PatientMonitor/TestPatientMonitor/bin/Debug/TestPatientMonitor.DLL" adapterTypeName="Microsoft.VisualStudio.TestTools.TestTypes.Unit.UnitTestAdapter, Microsoft.VisualStudio.QualityTools.Tips.UnitTest.Adapter, Version=10.0.0.0, Culture=neutral, PublicKeyToken=b03f5f7f11d50a3a" className="PatientMonitorTest.TestPatientData, TestPatientMonitor, Version=1.0.0.0, Culture=neutral, PublicKeyToken=null" name="patientDataSetCorrectly" />
    </UnitTest>
    <UnitTest name="breathingRateEventWasCalled" storage="c:\development\patientmonitor\testpatientmonitor\bin\debug\testpatientmonitor.dll" id="0da15e40-4714-ec34-2249-e3c631cbd429">
      <Execution id="8877ee90-2dcf-46fc-ab81-fb46c03b90d5" />
      <TestMethod codeBase="C:/Development/PatientMonitor/TestPatientMonitor/bin/Debug/TestPatientMonitor.DLL" adapterTypeName="Microsoft.VisualStudio.TestTools.TestTypes.Unit.UnitTestAdapter, Microsoft.VisualStudio.QualityTools.Tips.UnitTest.Adapter, Version=10.0.0.0, Culture=neutral, PublicKeyToken=b03f5f7f11d50a3a" className="TestMethodPMS.TestPatientAlarmer, TestPatientMonitor, Version=1.0.0.0, Culture=neutral, PublicKeyToken=null" name="breathingRateEventWasCalled" />
    </UnitTest>
    <UnitTest name="SystolicBloodPressureAlarmEventWasCalled" storage="c:\development\patientmonitor\testpatientmonitor\bin\debug\testpatientmonitor.dll" id="04d3d40f-7d4b-3f65-303b-71bfd1df0636">
      <Execution id="02e9e31d-1ef7-4230-8654-eb393f72f133" />
      <TestMethod codeBase="C:/Development/PatientMonitor/TestPatientMonitor/bin/Debug/TestPatientMonitor.DLL" adapterTypeName="Microsoft.VisualStudio.TestTools.TestTypes.Unit.UnitTestAdapter, Microsoft.VisualStudio.QualityTools.Tips.UnitTest.Adapter, Version=10.0.0.0, Culture=neutral, PublicKeyToken=b03f5f7f11d50a3a" className="TestMethodPMS.TestPatientAlarmer, TestPatientMonitor, Version=1.0.0.0, Culture=neutral, PublicKeyToken=null" name="SystolicBloodPressureAlarmEventWasCalled" />
    </UnitTest>
    <UnitTest name="OutsideLimits" storage="c:\development\patientmonitor\testpatientmonitor\bin\debug\testpatientmonitor.dll" id="0ab21f97-c05a-1f4d-9da4-ab34763e4aec">
      <Execution id="b35f9ac3-a5b7-44c0-ae2d-a9f4ecaecbf9" />
      <TestMethod codeBase="C:/Development/PatientMonitor/TestPatientMonitor/bin/Debug/TestPatientMonitor.DLL" adapterTypeName="Microsoft.VisualStudio.TestTools.TestTypes.Unit.UnitTestAdapter, Microsoft.VisualStudio.QualityTools.Tips.UnitTest.Adapter, Version=10.0.0.0, Culture=neutral, PublicKeyToken=b03f5f7f11d50a3a" className="PatientMonitorTest.TestAlarmTester, TestPatientMonitor, Version=1.0.0.0, Culture=neutral, PublicKeyToken=null" name="OutsideLimits" />
    </UnitTest>
    <UnitTest name="DiastolicBloodPressureEventWasCalled" storage="c:\development\patientmonitor\testpatientmonitor\bin\debug\testpatientmonitor.dll" id="1de0e9f8-f382-bc13-9c63-8b1a79800b59">
      <Execution id="2ee58bf3-c238-4929-a107-d8f8e49d26cc" />
      <TestMethod codeBase="C:/Development/PatientMonitor/TestPatientMonitor/bin/Debug/TestPatientMonitor.DLL" adapterTypeName="Microsoft.VisualStudio.TestTools.TestTypes.Unit.UnitTestAdapter, Microsoft.VisualStudio.QualityTools.Tips.UnitTest.Adapter, Version=10.0.0.0, Culture=neutral, PublicKeyToken=b03f5f7f11d50a3a" className="TestMethodPMS.TestPatientAlarmer, TestPatientMonitor, Version=1.0.0.0, Culture=neutral, PublicKeyToken=null" name="DiastolicBloodPressureEventWasCalled" />
    </UnitTest>
  </TestDefinitions>
  <TestLists>
    <TestList name="Results Not in a List" id="8c84fa94-04c1-424b-9868-57a2d4851a1d" />
    <TestList name="All Loaded Results" id="19431567-8539-422a-85d7-44ee4e166bda" />
  </TestLists>
  <TestEntries>
    <TestEntry testId="04d3d40f-7d4b-3f65-303b-71bfd1df0636" executionId="02e9e31d-1ef7-4230-8654-eb393f72f133" testListId="8c84fa94-04c1-424b-9868-57a2d4851a1d" />
    <TestEntry testId="0ab21f97-c05a-1f4d-9da4-ab34763e4aec" executionId="b35f9ac3-a5b7-44c0-ae2d-a9f4ecaecbf9" testListId="8c84fa94-04c1-424b-9868-57a2d4851a1d" />
    <TestEntry testId="0da15e40-4714-ec34-2249-e3c631cbd429" executionId="8877ee90-2dcf-46fc-ab81-fb46c03b90d5" testListId="8c84fa94-04c1-424b-9868-57a2d4851a1d" />
    <TestEntry testId="1de0e9f8-f382-bc13-9c63-8b1a79800b59" executionId="2ee58bf3-c238-4929-a107-d8f8e49d26cc" testListId="8c84fa94-04c1-424b-9868-57a2d4851a1d" />
    <TestEntry testId="5046feed-f315-e681-144c-87cbb60941a8" executionId="d4e502d6-d972-44a8-934c-10aa322fe55b" testListId="8c84fa94-04c1-424b-9868-57a2d4851a1d" />
    <TestEntry testId="57444592-0eac-a26b-2f64-d9616e259025" executionId="e34eebff-e594-4d94-a83c-ae00d194b0c9" testListId="8c84fa94-04c1-424b-9868-57a2d4851a1d" />
    <TestEntry testId="67b263d0-3e19-2161-4c93-3cdeada2d56e" executionId="64057df7-51a5-41fd-98a7-50428ed5745c" testListId="8c84fa94-04c1-424b-9868-57a2d4851a1d" />
    <TestEntry testId="72d3863b-9205-0883-93f3-14a9e3c98a55" executionId="26877fde-9dcf-4178-8529-a6c008b9c182" testListId="8c84fa94-04c1-424b-9868-57a2d4851a1d" />
    <TestEntry testId="88c17d4a-0b33-1c42-10ef-2f17c34ca311" executionId="5954a2a3-645d-416e-9741-7297a9239c90" testListId="8c84fa94-04c1-424b-9868-57a2d4851a1d" />
    <TestEntry testId="9b1e7a45-5c43-67c5-ee8c-54d6d42286d7" executionId="1c655129-aceb-4a72-8400-bbb8ee447dd9" testListId="8c84fa94-04c1-424b-9868-57a2d4851a1d" />
    <TestEntry testId="9fa2213f-1a7c-0891-71d9-fafe28b7beb5" executionId="6a981915-ed38-4caa-b972-8941e7b9a2fe" testListId="8c84fa94-04c1-424b-9868-57a2d4851a1d" />
    <TestEntry testId="b56e6885-fa6f-2463-78db-28dc70da0b21" executionId="670e99c6-0f0c-4e43-b13b-0567440cd93f" testListId="8c84fa94-04c1-424b-9868-57a2d4851a1d" />
    <TestEntry testId="c45731a3-2b6a-f241-8df9-b4b2e356ae35" executionId="36af2dde-76c4-42c2-9cb6-28050710d068" testListId="8c84fa94-04c1-424b-9868-57a2d4851a1d" />
    <TestEntry testId="cb000bdc-c477-d191-833b-22f831a12fb1" executionId="1ca73dd2-885b-4b19-bacb-51b2626f356c" testListId="8c84fa94-04c1-424b-9868-57a2d4851a1d" />
    <TestEntry testId="ebf625eb-7cab-05e1-0fd4-88e7d418e1e3" executionId="86b68782-62a7-4f00-9c88-7f0d7f7ba683" testListId="8c84fa94-04c1-424b-9868-57a2d4851a1d" />
  </TestEntries>
  <Results>
    <UnitTestResult executionId="02e9e31d-1ef7-4230-8654-eb393f72f133" testId="04d3d40f-7d4b-3f65-303b-71bfd1df0636" testName="SystolicBloodPressureAlarmEventWasCalled" computerName="RM202-005909" duration="00:00:00.1109358" startTime="2015-09-15T12:20:45.2667018+01:00" endTime="2015-09-15T12:20:45.5477018+01:00" testType="13cdc9d9-ddb5-4fa4-a97d-d965ccfc6d4b" outcome="Passed" testListId="8c84fa94-04c1-424b-9868-57a2d4851a1d" relativeResultsDirectory="02e9e31d-1ef7-4230-8654-eb393f72f133">
    </UnitTestResult>
    <UnitTestResult executionId="b35f9ac3-a5b7-44c0-ae2d-a9f4ecaecbf9" testId="0ab21f97-c05a-1f4d-9da4-ab34763e4aec" testName="OutsideLimits" computerName="RM202-005909" duration="00:00:00.0001699" startTime="2015-09-15T12:20:45.5497018+01:00" endTime="2015-09-15T12:20:45.5507018+01:00" testType="13cdc9d9-ddb5-4fa4-a97d-d965ccfc6d4b" outcome="Passed" testListId="8c84fa94-04c1-424b-9868-57a2d4851a1d" relativeResultsDirectory="b35f9ac3-a5b7-44c0-ae2d-a9f4ecaecbf9">
    </UnitTestResult>
    <UnitTestResult executionId="8877ee90-2dcf-46fc-ab81-fb46c03b90d5" testId="0da15e40-4714-ec34-2249-e3c631cbd429" testName="breathingRateEventWasCalled" computerName="RM202-005909" duration="00:00:00.0015329" startTime="2015-09-15T12:20:45.5517018+01:00" endTime="2015-09-15T12:20:45.5537018+01:00" testType="13cdc9d9-ddb5-4fa4-a97d-d965ccfc6d4b" outcome="Passed" testListId="8c84fa94-04c1-424b-9868-57a2d4851a1d" relativeResultsDirectory="8877ee90-2dcf-46fc-ab81-fb46c03b90d5">
    </UnitTestResult>
    <UnitTestResult executionId="2ee58bf3-c238-4929-a107-d8f8e49d26cc" testId="1de0e9f8-f382-bc13-9c63-8b1a79800b59" testName="DiastolicBloodPressureEventWasCalled" computerName="RM202-005909" duration="00:00:00.0012361" startTime="2015-09-15T12:20:45.5547018+01:00" endTime="2015-09-15T12:20:45.5567018+01:00" testType="13cdc9d9-ddb5-4fa4-a97d-d965ccfc6d4b" outcome="Passed" testListId="8c84fa94-04c1-424b-9868-57a2d4851a1d" relativeResultsDirectory="2ee58bf3-c238-4929-a107-d8f8e49d26cc">
    </UnitTestResult>
    <UnitTestResult executionId="d4e502d6-d972-44a8-934c-10aa322fe55b" testId="5046feed-f315-e681-144c-87cbb60941a8" testName="BadUnconnectedFileName" computerName="RM202-005909" duration="00:00:00.0016467" startTime="2015-09-15T12:20:45.5577018+01:00" endTime="2015-09-15T12:20:45.5607018+01:00" testType="13cdc9d9-ddb5-4fa4-a97d-d965ccfc6d4b" outcome="Passed" testListId="8c84fa94-04c1-424b-9868-57a2d4851a1d" relativeResultsDirectory="d4e502d6-d972-44a8-934c-10aa322fe55b">
    </UnitTestResult>
    <UnitTestResult executionId="e34eebff-e594-4d94-a83c-ae00d194b0c9" testId="57444592-0eac-a26b-2f64-d9616e259025" testName="GoodCreation" computerName="RM202-005909" duration="00:00:00.0003860" startTime="2015-09-15T12:20:45.5607018+01:00" endTime="2015-09-15T12:20:45.5627018+01:00" testType="13cdc9d9-ddb5-4fa4-a97d-d965ccfc6d4b" outcome="Passed" testListId="8c84fa94-04c1-424b-9868-57a2d4851a1d" relativeResultsDirectory="e34eebff-e594-4d94-a83c-ae00d194b0c9">
    </UnitTestResult>
    <UnitTestResult executionId="64057df7-51a5-41fd-98a7-50428ed5745c" testId="67b263d0-3e19-2161-4c93-3cdeada2d56e" testName="pulseRateRateEventWasCalled" computerName="RM202-005909" duration="00:00:00.0013867" startTime="2015-09-15T12:20:45.5627018+01:00" endTime="2015-09-15T12:20:45.5657018+01:00" testType="13cdc9d9-ddb5-4fa4-a97d-d965ccfc6d4b" outcome="Passed" testListId="8c84fa94-04c1-424b-9868-57a2d4851a1d" relativeResultsDirectory="64057df7-51a5-41fd-98a7-50428ed5745c">
    </UnitTestResult>
    <UnitTestResult executionId="26877fde-9dcf-4178-8529-a6c008b9c182" testId="72d3863b-9205-0883-93f3-14a9e3c98a55" testName="alarmInLimits" computerName="RM202-005909" duration="00:00:00.0000986" startTime="2015-09-15T12:20:45.5657018+01:00" endTime="2015-09-15T12:20:45.5677018+01:00" testType="13cdc9d9-ddb5-4fa4-a97d-d965ccfc6d4b" outcome="Passed" testListId="8c84fa94-04c1-424b-9868-57a2d4851a1d" relativeResultsDirectory="26877fde-9dcf-4178-8529-a6c008b9c182">
    </UnitTestResult>
    <UnitTestResult executionId="5954a2a3-645d-416e-9741-7297a9239c90" testId="88c17d4a-0b33-1c42-10ef-2f17c34ca311" testName="GoodUnconnectedCreation" computerName="RM202-005909" duration="00:00:00.0002739" startTime="2015-09-15T12:20:45.5677018+01:00" endTime="2015-09-15T12:20:45.5697018+01:00" testType="13cdc9d9-ddb5-4fa4-a97d-d965ccfc6d4b" outcome="Passed" testListId="8c84fa94-04c1-424b-9868-57a2d4851a1d" relativeResultsDirectory="5954a2a3-645d-416e-9741-7297a9239c90">
    </UnitTestResult>
    <UnitTestResult executionId="1c655129-aceb-4a72-8400-bbb8ee447dd9" testId="9b1e7a45-5c43-67c5-ee8c-54d6d42286d7" testName="TemperatureEventWasCalled" computerName="RM202-005909" duration="00:00:00.0020447" startTime="2015-09-15T12:20:45.5707018+01:00" endTime="2015-09-15T12:20:45.5737018+01:00" testType="13cdc9d9-ddb5-4fa4-a97d-d965ccfc6d4b" outcome="Passed" testListId="8c84fa94-04c1-424b-9868-57a2d4851a1d" relativeResultsDirectory="1c655129-aceb-4a72-8400-bbb8ee447dd9">
    </UnitTestResult>
    <UnitTestResult executionId="6a981915-ed38-4caa-b972-8941e7b9a2fe" testId="9fa2213f-1a7c-0891-71d9-fafe28b7beb5" testName="NoEventsCalled" computerName="RM202-005909" duration="00:00:00.0013057" startTime="2015-09-15T12:20:45.5747018+01:00" endTime="2015-09-15T12:20:45.5777018+01:00" testType="13cdc9d9-ddb5-4fa4-a97d-d965ccfc6d4b" outcome="Passed" testListId="8c84fa94-04c1-424b-9868-57a2d4851a1d" relativeResultsDirectory="6a981915-ed38-4caa-b972-8941e7b9a2fe">
    </UnitTestResult>
    <UnitTestResult executionId="670e99c6-0f0c-4e43-b13b-0567440cd93f" testId="b56e6885-fa6f-2463-78db-28dc70da0b21" testName="BadFileName" computerName="RM202-005909" duration="00:00:00.0003597" startTime="2015-09-15T12:20:45.5777018+01:00" endTime="2015-09-15T12:20:45.5797018+01:00" testType="13cdc9d9-ddb5-4fa4-a97d-d965ccfc6d4b" outcome="Passed" testListId="8c84fa94-04c1-424b-9868-57a2d4851a1d" relativeResultsDirectory="670e99c6-0f0c-4e43-b13b-0567440cd93f">
    </UnitTestResult>
    <UnitTestResult executionId="36af2dde-76c4-42c2-9cb6-28050710d068" testId="c45731a3-2b6a-f241-8df9-b4b2e356ae35" testName="alarmTesterGoodCreation" computerName="RM202-005909" duration="00:00:00.0005479" startTime="2015-09-15T12:20:45.5807018+01:00" endTime="2015-09-15T12:20:45.5827018+01:00" testType="13cdc9d9-ddb5-4fa4-a97d-d965ccfc6d4b" outcome="Passed" testListId="8c84fa94-04c1-424b-9868-57a2d4851a1d" relativeResultsDirectory="36af2dde-76c4-42c2-9cb6-28050710d068">
    </UnitTestResult>
    <UnitTestResult executionId="1ca73dd2-885b-4b19-bacb-51b2626f356c" testId="cb000bdc-c477-d191-833b-22f831a12fb1" testName="patientDataSetCorrectly" computerName="RM202-005909" duration="00:00:00.0268530" startTime="2015-09-15T12:20:45.5837018+01:00" endTime="2015-09-15T12:20:45.6127018+01:00" testType="13cdc9d9-ddb5-4fa4-a97d-d965ccfc6d4b" outcome="Failed" testListId="8c84fa94-04c1-424b-9868-57a2d4851a1d" relativeResultsDirectory="1ca73dd2-885b-4b19-bacb-51b2626f356c">
      <Output>
        <ErrorInfo>
          <Message>Assert.AreEqual failed. Expected:&lt;100&gt;. Actual:&lt;70&gt;. </Message>
          <StackTrace>   at PatientMonitorTest.TestPatientData.patientDataTestOK1(PatientData pd) in C:\Development\PatientMonitor\TestPatientMonitor\TestPatientData.cs:line 37
   at PatientMonitorTest.TestPatientData.patientDataSetCorrectly() in C:\Development\PatientMonitor\TestPatientMonitor\TestPatientData.cs:line 26
</StackTrace>
        </ErrorInfo>
      </Output>
    </UnitTestResult>
    <UnitTestResult executionId="86b68782-62a7-4f00-9c88-7f0d7f7ba683" testId="ebf625eb-7cab-05e1-0fd4-88e7d418e1e3" testName="patientDataCreatedCorrectly" computerName="RM202-005909" duration="00:00:00.0010383" startTime="2015-09-15T12:20:45.6127018+01:00" endTime="2015-09-15T12:20:45.6157018+01:00" testType="13cdc9d9-ddb5-4fa4-a97d-d965ccfc6d4b" outcome="Failed" testListId="8c84fa94-04c1-424b-9868-57a2d4851a1d" relativeResultsDirectory="86b68782-62a7-4f00-9c88-7f0d7f7ba683">
      <Output>
        <ErrorInfo>
          <Message>Assert.AreEqual failed. Expected:&lt;100&gt;. Actual:&lt;70&gt;. </Message>
          <StackTrace>   at PatientMonitorTest.TestPatientData.patientDataTestOK1(PatientData pd) in C:\Development\PatientMonitor\TestPatientMonitor\TestPatientData.cs:line 37
   at PatientMonitorTest.TestPatientData.patientDataCreatedCorrectly() in C:\Development\PatientMonitor\TestPatientMonitor\TestPatientData.cs:line 16
</StackTrace>
        </ErrorInfo>
      </Output>
    </UnitTestResult>
  </Results>
</TestRun>