<?xml version="1.0" encoding="UTF-8"?>
<TestRun id="77d80e23-8f5e-4738-a4aa-537bde1cacc5" name="hchadwic@RM202-005909 2015-09-15 11:59:19" runUser="PETERBOROUGH\hchadwic" xmlns="http://microsoft.com/schemas/VisualStudio/TeamTest/2010">
  <TestSettings name="Default Test Settings" id="231afe41-9d87-4437-bc76-f2bb0490721a">
    <Deployment userDeploymentRoot="C:\Development\PatientMonitor\TestResults" useDefaultDeploymentRoot="false" runDeploymentRoot="hchadwic_RM202-005909 2015-09-15 11_59_19">
      <DeploymentItem filename="C:\Development\PatientMonitor\PatientMonitor\bin\Debug\PatientMonitor.exe" />
      <DeploymentItem filename="C:\Development\PatientMonitor\packages\NUnit.2.6.4\lib\nunit.framework.dll" />
      <DeploymentItem filename="C:\Development\PatientMonitor\packages\Moq.4.2.1507.0118\lib\net40\Moq.dll" />
    </Deployment>
    <Execution>
      <TestTypeSpecific />
      <AgentRule name="Execution Agents">
      </AgentRule>
    </Execution>
  </TestSettings>
  <Times creation="2015-09-15T11:59:19.4256446+01:00" queuing="2015-09-15T11:59:20.4436233+01:00" start="2015-09-15T11:59:20.5036215+01:00" finish="2015-09-15T12:12:10.6691823+01:00" />
  <ResultSummary outcome="Completed">
    <Counters total="15" executed="15" passed="15" error="0" failed="0" timeout="0" aborted="0" inconclusive="0" passedButRunAborted="0" notRunnable="0" notExecuted="0" disconnected="0" warning="0" completed="0" inProgress="0" pending="0" />
  </ResultSummary>
  <TestDefinitions>
    <UnitTest name="GoodUnconnectedCreation" storage="c:\development\patientmonitor\testpatientmonitor\bin\debug\testpatientmonitor.dll" id="88c17d4a-0b33-1c42-10ef-2f17c34ca311">
      <Execution id="912c3c98-c88d-48e3-8e5b-e2660e38970f" />
      <TestMethod codeBase="C:/Development/PatientMonitor/TestPatientMonitor/bin/Debug/TestPatientMonitor.DLL" adapterTypeName="Microsoft.VisualStudio.TestTools.TestTypes.Unit.UnitTestAdapter, Microsoft.VisualStudio.QualityTools.Tips.UnitTest.Adapter, Version=10.0.0.0, Culture=neutral, PublicKeyToken=b03f5f7f11d50a3a" className="PatientMonitorTest.TestPatientDataReader, TestPatientMonitor, Version=1.0.0.0, Culture=neutral, PublicKeyToken=null" name="GoodUnconnectedCreation" />
    </UnitTest>
    <UnitTest name="TemperatureEventWasCalled" storage="c:\development\patientmonitor\testpatientmonitor\bin\debug\testpatientmonitor.dll" id="9b1e7a45-5c43-67c5-ee8c-54d6d42286d7">
      <Execution id="a5683997-5e9a-401b-98d8-1f51717733ba" />
      <TestMethod codeBase="C:/Development/PatientMonitor/TestPatientMonitor/bin/Debug/TestPatientMonitor.DLL" adapterTypeName="Microsoft.VisualStudio.TestTools.TestTypes.Unit.UnitTestAdapter, Microsoft.VisualStudio.QualityTools.Tips.UnitTest.Adapter, Version=10.0.0.0, Culture=neutral, PublicKeyToken=b03f5f7f11d50a3a" className="TestMethodPMS.TestPatientAlarmer, TestPatientMonitor, Version=1.0.0.0, Culture=neutral, PublicKeyToken=null" name="TemperatureEventWasCalled" />
    </UnitTest>
    <UnitTest name="NoEventsCalled" storage="c:\development\patientmonitor\testpatientmonitor\bin\debug\testpatientmonitor.dll" id="9fa2213f-1a7c-0891-71d9-fafe28b7beb5">
      <Execution id="7e077d58-3c14-4846-9ecb-563fd54c7e6d" />
      <TestMethod codeBase="C:/Development/PatientMonitor/TestPatientMonitor/bin/Debug/TestPatientMonitor.DLL" adapterTypeName="Microsoft.VisualStudio.TestTools.TestTypes.Unit.UnitTestAdapter, Microsoft.VisualStudio.QualityTools.Tips.UnitTest.Adapter, Version=10.0.0.0, Culture=neutral, PublicKeyToken=b03f5f7f11d50a3a" className="TestMethodPMS.TestPatientAlarmer, TestPatientMonitor, Version=1.0.0.0, Culture=neutral, PublicKeyToken=null" name="NoEventsCalled" />
    </UnitTest>
    <UnitTest name="patientDataCreatedCorrectly" storage="c:\development\patientmonitor\testpatientmonitor\bin\debug\testpatientmonitor.dll" id="ebf625eb-7cab-05e1-0fd4-88e7d418e1e3">
      <Execution id="fe631a10-cd17-4c75-8fab-96a61f486b0c" />
      <TestMethod codeBase="C:/Development/PatientMonitor/TestPatientMonitor/bin/Debug/TestPatientMonitor.DLL" adapterTypeName="Microsoft.VisualStudio.TestTools.TestTypes.Unit.UnitTestAdapter, Microsoft.VisualStudio.QualityTools.Tips.UnitTest.Adapter, Version=10.0.0.0, Culture=neutral, PublicKeyToken=b03f5f7f11d50a3a" className="PatientMonitorTest.TestPatientData, TestPatientMonitor, Version=1.0.0.0, Culture=neutral, PublicKeyToken=null" name="patientDataCreatedCorrectly" />
    </UnitTest>
    <UnitTest name="GoodCreation" storage="c:\development\patientmonitor\testpatientmonitor\bin\debug\testpatientmonitor.dll" id="57444592-0eac-a26b-2f64-d9616e259025">
      <Execution id="e4dba2e9-59f8-4284-83f4-8bac6b9611e2" />
      <TestMethod codeBase="C:/Development/PatientMonitor/TestPatientMonitor/bin/Debug/TestPatientMonitor.DLL" adapterTypeName="Microsoft.VisualStudio.TestTools.TestTypes.Unit.UnitTestAdapter, Microsoft.VisualStudio.QualityTools.Tips.UnitTest.Adapter, Version=10.0.0.0, Culture=neutral, PublicKeyToken=b03f5f7f11d50a3a" className="PatientMonitorTest.TestPatientDataReader, TestPatientMonitor, Version=1.0.0.0, Culture=neutral, PublicKeyToken=null" name="GoodCreation" />
    </UnitTest>
    <UnitTest name="pulseRateRateEventWasCalled" storage="c:\development\patientmonitor\testpatientmonitor\bin\debug\testpatientmonitor.dll" id="67b263d0-3e19-2161-4c93-3cdeada2d56e">
      <Execution id="43b16d48-8689-43be-86e1-09a3eff45578" />
      <TestMethod codeBase="C:/Development/PatientMonitor/TestPatientMonitor/bin/Debug/TestPatientMonitor.DLL" adapterTypeName="Microsoft.VisualStudio.TestTools.TestTypes.Unit.UnitTestAdapter, Microsoft.VisualStudio.QualityTools.Tips.UnitTest.Adapter, Version=10.0.0.0, Culture=neutral, PublicKeyToken=b03f5f7f11d50a3a" className="TestMethodPMS.TestPatientAlarmer, TestPatientMonitor, Version=1.0.0.0, Culture=neutral, PublicKeyToken=null" name="pulseRateRateEventWasCalled" />
    </UnitTest>
    <UnitTest name="alarmTesterGoodCreation" storage="c:\development\patientmonitor\testpatientmonitor\bin\debug\testpatientmonitor.dll" id="c45731a3-2b6a-f241-8df9-b4b2e356ae35">
      <Execution id="b1bbf91d-d786-4670-8c75-06c2d48d0954" />
      <TestMethod codeBase="C:/Development/PatientMonitor/TestPatientMonitor/bin/Debug/TestPatientMonitor.DLL" adapterTypeName="Microsoft.VisualStudio.TestTools.TestTypes.Unit.UnitTestAdapter, Microsoft.VisualStudio.QualityTools.Tips.UnitTest.Adapter, Version=10.0.0.0, Culture=neutral, PublicKeyToken=b03f5f7f11d50a3a" className="PatientMonitorTest.TestAlarmTester, TestPatientMonitor, Version=1.0.0.0, Culture=neutral, PublicKeyToken=null" name="alarmTesterGoodCreation" />
    </UnitTest>
    <UnitTest name="alarmInLimits" storage="c:\development\patientmonitor\testpatientmonitor\bin\debug\testpatientmonitor.dll" id="72d3863b-9205-0883-93f3-14a9e3c98a55">
      <Execution id="ab7bffde-8b1d-4584-97fa-ac7143e37895" />
      <TestMethod codeBase="C:/Development/PatientMonitor/TestPatientMonitor/bin/Debug/TestPatientMonitor.DLL" adapterTypeName="Microsoft.VisualStudio.TestTools.TestTypes.Unit.UnitTestAdapter, Microsoft.VisualStudio.QualityTools.Tips.UnitTest.Adapter, Version=10.0.0.0, Culture=neutral, PublicKeyToken=b03f5f7f11d50a3a" className="PatientMonitorTest.TestAlarmTester, TestPatientMonitor, Version=1.0.0.0, Culture=neutral, PublicKeyToken=null" name="alarmInLimits" />
    </UnitTest>
    <UnitTest name="BadFileName" storage="c:\development\patientmonitor\testpatientmonitor\bin\debug\testpatientmonitor.dll" id="b56e6885-fa6f-2463-78db-28dc70da0b21">
      <Execution id="1399b444-208a-4fe1-a313-bcf1de5a18c9" />
      <TestMethod codeBase="C:/Development/PatientMonitor/TestPatientMonitor/bin/Debug/TestPatientMonitor.DLL" adapterTypeName="Microsoft.VisualStudio.TestTools.TestTypes.Unit.UnitTestAdapter, Microsoft.VisualStudio.QualityTools.Tips.UnitTest.Adapter, Version=10.0.0.0, Culture=neutral, PublicKeyToken=b03f5f7f11d50a3a" className="PatientMonitorTest.TestPatientDataReader, TestPatientMonitor, Version=1.0.0.0, Culture=neutral, PublicKeyToken=null" name="BadFileName" />
    </UnitTest>
    <UnitTest name="BadUnconnectedFileName" storage="c:\development\patientmonitor\testpatientmonitor\bin\debug\testpatientmonitor.dll" id="5046feed-f315-e681-144c-87cbb60941a8">
      <Execution id="ce151d20-f16a-4dcd-88b5-a4944fa04ff7" />
      <TestMethod codeBase="C:/Development/PatientMonitor/TestPatientMonitor/bin/Debug/TestPatientMonitor.DLL" adapterTypeName="Microsoft.VisualStudio.TestTools.TestTypes.Unit.UnitTestAdapter, Microsoft.VisualStudio.QualityTools.Tips.UnitTest.Adapter, Version=10.0.0.0, Culture=neutral, PublicKeyToken=b03f5f7f11d50a3a" className="PatientMonitorTest.TestPatientDataReader, TestPatientMonitor, Version=1.0.0.0, Culture=neutral, PublicKeyToken=null" name="BadUnconnectedFileName" />
    </UnitTest>
    <UnitTest name="patientDataSetCorrectly" storage="c:\development\patientmonitor\testpatientmonitor\bin\debug\testpatientmonitor.dll" id="cb000bdc-c477-d191-833b-22f831a12fb1">
      <Execution id="ad339e70-6cd0-4b41-b9aa-12b7cc37fb19" />
      <TestMethod codeBase="C:/Development/PatientMonitor/TestPatientMonitor/bin/Debug/TestPatientMonitor.DLL" adapterTypeName="Microsoft.VisualStudio.TestTools.TestTypes.Unit.UnitTestAdapter, Microsoft.VisualStudio.QualityTools.Tips.UnitTest.Adapter, Version=10.0.0.0, Culture=neutral, PublicKeyToken=b03f5f7f11d50a3a" className="PatientMonitorTest.TestPatientData, TestPatientMonitor, Version=1.0.0.0, Culture=neutral, PublicKeyToken=null" name="patientDataSetCorrectly" />
    </UnitTest>
    <UnitTest name="breathingRateEventWasCalled" storage="c:\development\patientmonitor\testpatientmonitor\bin\debug\testpatientmonitor.dll" id="0da15e40-4714-ec34-2249-e3c631cbd429">
      <Execution id="353e86ad-844b-48ba-8b29-7054cd52b1f7" />
      <TestMethod codeBase="C:/Development/PatientMonitor/TestPatientMonitor/bin/Debug/TestPatientMonitor.DLL" adapterTypeName="Microsoft.VisualStudio.TestTools.TestTypes.Unit.UnitTestAdapter, Microsoft.VisualStudio.QualityTools.Tips.UnitTest.Adapter, Version=10.0.0.0, Culture=neutral, PublicKeyToken=b03f5f7f11d50a3a" className="TestMethodPMS.TestPatientAlarmer, TestPatientMonitor, Version=1.0.0.0, Culture=neutral, PublicKeyToken=null" name="breathingRateEventWasCalled" />
    </UnitTest>
    <UnitTest name="SystolicBloodPressureAlarmEventWasCalled" storage="c:\development\patientmonitor\testpatientmonitor\bin\debug\testpatientmonitor.dll" id="04d3d40f-7d4b-3f65-303b-71bfd1df0636">
      <Execution id="8410f095-2bc8-4ba0-89b9-778033eee7d7" />
      <TestMethod codeBase="C:/Development/PatientMonitor/TestPatientMonitor/bin/Debug/TestPatientMonitor.DLL" adapterTypeName="Microsoft.VisualStudio.TestTools.TestTypes.Unit.UnitTestAdapter, Microsoft.VisualStudio.QualityTools.Tips.UnitTest.Adapter, Version=10.0.0.0, Culture=neutral, PublicKeyToken=b03f5f7f11d50a3a" className="TestMethodPMS.TestPatientAlarmer, TestPatientMonitor, Version=1.0.0.0, Culture=neutral, PublicKeyToken=null" name="SystolicBloodPressureAlarmEventWasCalled" />
    </UnitTest>
    <UnitTest name="OutsideLimits" storage="c:\development\patientmonitor\testpatientmonitor\bin\debug\testpatientmonitor.dll" id="0ab21f97-c05a-1f4d-9da4-ab34763e4aec">
      <Execution id="b5ce4f0b-8ef2-4476-9692-45202ca8f58e" />
      <TestMethod codeBase="C:/Development/PatientMonitor/TestPatientMonitor/bin/Debug/TestPatientMonitor.DLL" adapterTypeName="Microsoft.VisualStudio.TestTools.TestTypes.Unit.UnitTestAdapter, Microsoft.VisualStudio.QualityTools.Tips.UnitTest.Adapter, Version=10.0.0.0, Culture=neutral, PublicKeyToken=b03f5f7f11d50a3a" className="PatientMonitorTest.TestAlarmTester, TestPatientMonitor, Version=1.0.0.0, Culture=neutral, PublicKeyToken=null" name="OutsideLimits" />
    </UnitTest>
    <UnitTest name="DiastolicBloodPressureEventWasCalled" storage="c:\development\patientmonitor\testpatientmonitor\bin\debug\testpatientmonitor.dll" id="1de0e9f8-f382-bc13-9c63-8b1a79800b59">
      <Execution id="a986ecf4-9387-4d76-90e8-998efe6b17c8" />
      <TestMethod codeBase="C:/Development/PatientMonitor/TestPatientMonitor/bin/Debug/TestPatientMonitor.DLL" adapterTypeName="Microsoft.VisualStudio.TestTools.TestTypes.Unit.UnitTestAdapter, Microsoft.VisualStudio.QualityTools.Tips.UnitTest.Adapter, Version=10.0.0.0, Culture=neutral, PublicKeyToken=b03f5f7f11d50a3a" className="TestMethodPMS.TestPatientAlarmer, TestPatientMonitor, Version=1.0.0.0, Culture=neutral, PublicKeyToken=null" name="DiastolicBloodPressureEventWasCalled" />
    </UnitTest>
  </TestDefinitions>
  <TestLists>
    <TestList name="Results Not in a List" id="8c84fa94-04c1-424b-9868-57a2d4851a1d" />
    <TestList name="All Loaded Results" id="19431567-8539-422a-85d7-44ee4e166bda" />
  </TestLists>
  <TestEntries>
    <TestEntry testId="04d3d40f-7d4b-3f65-303b-71bfd1df0636" executionId="8410f095-2bc8-4ba0-89b9-778033eee7d7" testListId="8c84fa94-04c1-424b-9868-57a2d4851a1d" />
    <TestEntry testId="0ab21f97-c05a-1f4d-9da4-ab34763e4aec" executionId="b5ce4f0b-8ef2-4476-9692-45202ca8f58e" testListId="8c84fa94-04c1-424b-9868-57a2d4851a1d" />
    <TestEntry testId="0da15e40-4714-ec34-2249-e3c631cbd429" executionId="353e86ad-844b-48ba-8b29-7054cd52b1f7" testListId="8c84fa94-04c1-424b-9868-57a2d4851a1d" />
    <TestEntry testId="1de0e9f8-f382-bc13-9c63-8b1a79800b59" executionId="a986ecf4-9387-4d76-90e8-998efe6b17c8" testListId="8c84fa94-04c1-424b-9868-57a2d4851a1d" />
    <TestEntry testId="5046feed-f315-e681-144c-87cbb60941a8" executionId="ce151d20-f16a-4dcd-88b5-a4944fa04ff7" testListId="8c84fa94-04c1-424b-9868-57a2d4851a1d" />
    <TestEntry testId="57444592-0eac-a26b-2f64-d9616e259025" executionId="e4dba2e9-59f8-4284-83f4-8bac6b9611e2" testListId="8c84fa94-04c1-424b-9868-57a2d4851a1d" />
    <TestEntry testId="67b263d0-3e19-2161-4c93-3cdeada2d56e" executionId="43b16d48-8689-43be-86e1-09a3eff45578" testListId="8c84fa94-04c1-424b-9868-57a2d4851a1d" />
    <TestEntry testId="72d3863b-9205-0883-93f3-14a9e3c98a55" executionId="ab7bffde-8b1d-4584-97fa-ac7143e37895" testListId="8c84fa94-04c1-424b-9868-57a2d4851a1d" />
    <TestEntry testId="88c17d4a-0b33-1c42-10ef-2f17c34ca311" executionId="912c3c98-c88d-48e3-8e5b-e2660e38970f" testListId="8c84fa94-04c1-424b-9868-57a2d4851a1d" />
    <TestEntry testId="9b1e7a45-5c43-67c5-ee8c-54d6d42286d7" executionId="a5683997-5e9a-401b-98d8-1f51717733ba" testListId="8c84fa94-04c1-424b-9868-57a2d4851a1d" />
    <TestEntry testId="9fa2213f-1a7c-0891-71d9-fafe28b7beb5" executionId="7e077d58-3c14-4846-9ecb-563fd54c7e6d" testListId="8c84fa94-04c1-424b-9868-57a2d4851a1d" />
    <TestEntry testId="b56e6885-fa6f-2463-78db-28dc70da0b21" executionId="1399b444-208a-4fe1-a313-bcf1de5a18c9" testListId="8c84fa94-04c1-424b-9868-57a2d4851a1d" />
    <TestEntry testId="c45731a3-2b6a-f241-8df9-b4b2e356ae35" executionId="b1bbf91d-d786-4670-8c75-06c2d48d0954" testListId="8c84fa94-04c1-424b-9868-57a2d4851a1d" />
    <TestEntry testId="cb000bdc-c477-d191-833b-22f831a12fb1" executionId="ad339e70-6cd0-4b41-b9aa-12b7cc37fb19" testListId="8c84fa94-04c1-424b-9868-57a2d4851a1d" />
    <TestEntry testId="ebf625eb-7cab-05e1-0fd4-88e7d418e1e3" executionId="fe631a10-cd17-4c75-8fab-96a61f486b0c" testListId="8c84fa94-04c1-424b-9868-57a2d4851a1d" />
  </TestEntries>
  <Results>
    <UnitTestResult executionId="8410f095-2bc8-4ba0-89b9-778033eee7d7" testId="04d3d40f-7d4b-3f65-303b-71bfd1df0636" testName="SystolicBloodPressureAlarmEventWasCalled" computerName="RM202-005909" duration="00:00:00.1548105" startTime="2015-09-15T11:59:20.5736194+01:00" endTime="2015-09-15T11:59:21.3035975+01:00" testType="13cdc9d9-ddb5-4fa4-a97d-d965ccfc6d4b" outcome="Passed" testListId="8c84fa94-04c1-424b-9868-57a2d4851a1d" relativeResultsDirectory="8410f095-2bc8-4ba0-89b9-778033eee7d7">
    </UnitTestResult>
    <UnitTestResult executionId="b5ce4f0b-8ef2-4476-9692-45202ca8f58e" testId="0ab21f97-c05a-1f4d-9da4-ab34763e4aec" testName="OutsideLimits" computerName="RM202-005909" duration="00:00:00.0003004" startTime="2015-09-15T11:59:21.3035975+01:00" endTime="2015-09-15T11:59:21.3135972+01:00" testType="13cdc9d9-ddb5-4fa4-a97d-d965ccfc6d4b" outcome="Passed" testListId="8c84fa94-04c1-424b-9868-57a2d4851a1d" relativeResultsDirectory="b5ce4f0b-8ef2-4476-9692-45202ca8f58e">
    </UnitTestResult>
    <UnitTestResult executionId="353e86ad-844b-48ba-8b29-7054cd52b1f7" testId="0da15e40-4714-ec34-2249-e3c631cbd429" testName="breathingRateEventWasCalled" computerName="RM202-005909" duration="00:00:00.0016606" startTime="2015-09-15T11:59:21.3135972+01:00" endTime="2015-09-15T11:59:21.3235969+01:00" testType="13cdc9d9-ddb5-4fa4-a97d-d965ccfc6d4b" outcome="Passed" testListId="8c84fa94-04c1-424b-9868-57a2d4851a1d" relativeResultsDirectory="353e86ad-844b-48ba-8b29-7054cd52b1f7">
    </UnitTestResult>
    <UnitTestResult executionId="a986ecf4-9387-4d76-90e8-998efe6b17c8" testId="1de0e9f8-f382-bc13-9c63-8b1a79800b59" testName="DiastolicBloodPressureEventWasCalled" computerName="RM202-005909" duration="00:00:00.0015227" startTime="2015-09-15T11:59:21.3335966+01:00" endTime="2015-09-15T11:59:21.3335966+01:00" testType="13cdc9d9-ddb5-4fa4-a97d-d965ccfc6d4b" outcome="Passed" testListId="8c84fa94-04c1-424b-9868-57a2d4851a1d" relativeResultsDirectory="a986ecf4-9387-4d76-90e8-998efe6b17c8">
    </UnitTestResult>
    <UnitTestResult executionId="ce151d20-f16a-4dcd-88b5-a4944fa04ff7" testId="5046feed-f315-e681-144c-87cbb60941a8" testName="BadUnconnectedFileName" computerName="RM202-005909" duration="00:00:17.3542381" startTime="2015-09-15T11:59:21.3435963+01:00" endTime="2015-09-15T11:59:38.6980764+01:00" testType="13cdc9d9-ddb5-4fa4-a97d-d965ccfc6d4b" outcome="Passed" testListId="8c84fa94-04c1-424b-9868-57a2d4851a1d" relativeResultsDirectory="ce151d20-f16a-4dcd-88b5-a4944fa04ff7">
    </UnitTestResult>
    <UnitTestResult executionId="e4dba2e9-59f8-4284-83f4-8bac6b9611e2" testId="57444592-0eac-a26b-2f64-d9616e259025" testName="GoodCreation" computerName="RM202-005909" duration="00:00:00.0008678" startTime="2015-09-15T11:59:38.7380752+01:00" endTime="2015-09-15T11:59:38.7380752+01:00" testType="13cdc9d9-ddb5-4fa4-a97d-d965ccfc6d4b" outcome="Passed" testListId="8c84fa94-04c1-424b-9868-57a2d4851a1d" relativeResultsDirectory="e4dba2e9-59f8-4284-83f4-8bac6b9611e2">
    </UnitTestResult>
    <UnitTestResult executionId="43b16d48-8689-43be-86e1-09a3eff45578" testId="67b263d0-3e19-2161-4c93-3cdeada2d56e" testName="pulseRateRateEventWasCalled" computerName="RM202-005909" duration="00:00:00.0028880" startTime="2015-09-15T11:59:38.7480749+01:00" endTime="2015-09-15T11:59:38.7480749+01:00" testType="13cdc9d9-ddb5-4fa4-a97d-d965ccfc6d4b" outcome="Passed" testListId="8c84fa94-04c1-424b-9868-57a2d4851a1d" relativeResultsDirectory="43b16d48-8689-43be-86e1-09a3eff45578">
    </UnitTestResult>
    <UnitTestResult executionId="ab7bffde-8b1d-4584-97fa-ac7143e37895" testId="72d3863b-9205-0883-93f3-14a9e3c98a55" testName="alarmInLimits" computerName="RM202-005909" duration="00:00:00.0001539" startTime="2015-09-15T11:59:38.7680743+01:00" endTime="2015-09-15T11:59:38.7680743+01:00" testType="13cdc9d9-ddb5-4fa4-a97d-d965ccfc6d4b" outcome="Passed" testListId="8c84fa94-04c1-424b-9868-57a2d4851a1d" relativeResultsDirectory="ab7bffde-8b1d-4584-97fa-ac7143e37895">
    </UnitTestResult>
    <UnitTestResult executionId="912c3c98-c88d-48e3-8e5b-e2660e38970f" testId="88c17d4a-0b33-1c42-10ef-2f17c34ca311" testName="GoodUnconnectedCreation" computerName="RM202-005909" duration="00:00:00.0003053" startTime="2015-09-15T11:59:38.7780740+01:00" endTime="2015-09-15T11:59:38.7780740+01:00" testType="13cdc9d9-ddb5-4fa4-a97d-d965ccfc6d4b" outcome="Passed" testListId="8c84fa94-04c1-424b-9868-57a2d4851a1d" relativeResultsDirectory="912c3c98-c88d-48e3-8e5b-e2660e38970f">
    </UnitTestResult>
    <UnitTestResult executionId="a5683997-5e9a-401b-98d8-1f51717733ba" testId="9b1e7a45-5c43-67c5-ee8c-54d6d42286d7" testName="TemperatureEventWasCalled" computerName="RM202-005909" duration="00:00:00.0015831" startTime="2015-09-15T11:59:38.7880737+01:00" endTime="2015-09-15T11:59:38.7980734+01:00" testType="13cdc9d9-ddb5-4fa4-a97d-d965ccfc6d4b" outcome="Passed" testListId="8c84fa94-04c1-424b-9868-57a2d4851a1d" relativeResultsDirectory="a5683997-5e9a-401b-98d8-1f51717733ba">
    </UnitTestResult>
    <UnitTestResult executionId="7e077d58-3c14-4846-9ecb-563fd54c7e6d" testId="9fa2213f-1a7c-0891-71d9-fafe28b7beb5" testName="NoEventsCalled" computerName="RM202-005909" duration="00:12:23.1498869" startTime="2015-09-15T11:59:38.8280725+01:00" endTime="2015-09-15T12:12:01.9723561+01:00" testType="13cdc9d9-ddb5-4fa4-a97d-d965ccfc6d4b" outcome="Passed" testListId="8c84fa94-04c1-424b-9868-57a2d4851a1d" relativeResultsDirectory="7e077d58-3c14-4846-9ecb-563fd54c7e6d">
    </UnitTestResult>
    <UnitTestResult executionId="1399b444-208a-4fe1-a313-bcf1de5a18c9" testId="b56e6885-fa6f-2463-78db-28dc70da0b21" testName="BadFileName" computerName="RM202-005909" duration="00:00:08.5517146" startTime="2015-09-15T12:12:01.9923557+01:00" endTime="2015-09-15T12:12:10.5451847+01:00" testType="13cdc9d9-ddb5-4fa4-a97d-d965ccfc6d4b" outcome="Passed" testListId="8c84fa94-04c1-424b-9868-57a2d4851a1d" relativeResultsDirectory="1399b444-208a-4fe1-a313-bcf1de5a18c9">
    </UnitTestResult>
    <UnitTestResult executionId="b1bbf91d-d786-4670-8c75-06c2d48d0954" testId="c45731a3-2b6a-f241-8df9-b4b2e356ae35" testName="alarmTesterGoodCreation" computerName="RM202-005909" duration="00:00:00.0006990" startTime="2015-09-15T12:12:10.5751841+01:00" endTime="2015-09-15T12:12:10.5751841+01:00" testType="13cdc9d9-ddb5-4fa4-a97d-d965ccfc6d4b" outcome="Passed" testListId="8c84fa94-04c1-424b-9868-57a2d4851a1d" relativeResultsDirectory="b1bbf91d-d786-4670-8c75-06c2d48d0954">
    </UnitTestResult>
    <UnitTestResult executionId="ad339e70-6cd0-4b41-b9aa-12b7cc37fb19" testId="cb000bdc-c477-d191-833b-22f831a12fb1" testName="patientDataSetCorrectly" computerName="RM202-005909" duration="00:00:00.0010240" startTime="2015-09-15T12:12:10.5951837+01:00" endTime="2015-09-15T12:12:10.5951837+01:00" testType="13cdc9d9-ddb5-4fa4-a97d-d965ccfc6d4b" outcome="Passed" testListId="8c84fa94-04c1-424b-9868-57a2d4851a1d" relativeResultsDirectory="ad339e70-6cd0-4b41-b9aa-12b7cc37fb19">
    </UnitTestResult>
    <UnitTestResult executionId="fe631a10-cd17-4c75-8fab-96a61f486b0c" testId="ebf625eb-7cab-05e1-0fd4-88e7d418e1e3" testName="patientDataCreatedCorrectly" computerName="RM202-005909" duration="00:00:00.0001747" startTime="2015-09-15T12:12:10.6051835+01:00" endTime="2015-09-15T12:12:10.6051835+01:00" testType="13cdc9d9-ddb5-4fa4-a97d-d965ccfc6d4b" outcome="Passed" testListId="8c84fa94-04c1-424b-9868-57a2d4851a1d" relativeResultsDirectory="fe631a10-cd17-4c75-8fab-96a61f486b0c">
    </UnitTestResult>
  </Results>
</TestRun>